[    0.000000] Linux version 5.11.6 (amin@amin-VirtualBox) (gcc (Ubuntu 9.3.0-17ubuntu1~20.04) 9.3.0, GNU ld (GNU Binutils for Ubuntu) 2.34) #1 SMP Sun Mar 14 18:03:52 CET 2021
[    0.000000] Command line: BOOT_IMAGE=/boot/vmlinuz-5.11.6 root=UUID=71ec6bf4-ef77-4eab-b20a-36a54e6d4977 ro quiet splash
[    0.000000] x86/fpu: Supporting XSAVE feature 0x001: 'x87 floating point registers'
[    0.000000] x86/fpu: Supporting XSAVE feature 0x002: 'SSE registers'
[    0.000000] x86/fpu: Supporting XSAVE feature 0x004: 'AVX registers'
[    0.000000] x86/fpu: xstate_offset[2]:  576, xstate_sizes[2]:  256
[    0.000000] x86/fpu: Enabled xstate features 0x7, context size is 832 bytes, using 'standard' format.
[    0.000000] BIOS-provided physical RAM map:
[    0.000000] BIOS-e820: [mem 0x0000000000000000-0x000000000009fbff] usable
[    0.000000] BIOS-e820: [mem 0x000000000009fc00-0x000000000009ffff] reserved
[    0.000000] BIOS-e820: [mem 0x00000000000f0000-0x00000000000fffff] reserved
[    0.000000] BIOS-e820: [mem 0x0000000000100000-0x00000000dffeffff] usable
[    0.000000] BIOS-e820: [mem 0x00000000dfff0000-0x00000000dfffffff] ACPI data
[    0.000000] BIOS-e820: [mem 0x00000000fec00000-0x00000000fec00fff] reserved
[    0.000000] BIOS-e820: [mem 0x00000000fee00000-0x00000000fee00fff] reserved
[    0.000000] BIOS-e820: [mem 0x00000000fffc0000-0x00000000ffffffff] reserved
[    0.000000] BIOS-e820: [mem 0x0000000100000000-0x000000019a2fffff] usable
[    0.000000] NX (Execute Disable) protection: active
[    0.000000] SMBIOS 2.5 present.
[    0.000000] DMI: innotek GmbH VirtualBox/VirtualBox, BIOS VirtualBox 12/01/2006
[    0.000000] e820: update [mem 0x00000000-0x00000fff] usable ==> reserved
[    0.000000] e820: remove [mem 0x000a0000-0x000fffff] usable
[    0.000000] last_pfn = 0x19a300 max_arch_pfn = 0x400000000
[    0.000000] MTRR default type: uncachable
[    0.000000] MTRR variable ranges disabled:
[    0.000000] Disabled
[    0.000000] x86/PAT: MTRRs disabled, skipping PAT initialization too.
[    0.000000] CPU MTRRs all blank - virtualized system.
[    0.000000] x86/PAT: Configuration [0-7]: WB  WT  UC- UC  WB  WT  UC- UC  
[    0.000000] last_pfn = 0xdfff0 max_arch_pfn = 0x400000000
[    0.000000] found SMP MP-table at [mem 0x0009fff0-0x0009ffff]
[    0.000000] check: Scanning 1 areas for low memory corruption
[    0.000000] RAMDISK: [mem 0x368a9000-0x3744bfff]
[    0.000000] ACPI: Early table checksum verification disabled
[    0.000000] ACPI: RSDP 0x00000000000E0000 000024 (v02 VBOX  )
[    0.000000] ACPI: XSDT 0x00000000DFFF0030 00003C (v01 VBOX   VBOXXSDT 00000001 ASL  00000061)
[    0.000000] ACPI: FACP 0x00000000DFFF00F0 0000F4 (v04 VBOX   VBOXFACP 00000001 ASL  00000061)
[    0.000000] ACPI: DSDT 0x00000000DFFF0470 002325 (v02 VBOX   VBOXBIOS 00000002 INTL 20210105)
[    0.000000] ACPI: FACS 0x00000000DFFF0200 000040
[    0.000000] ACPI: FACS 0x00000000DFFF0200 000040
[    0.000000] ACPI: APIC 0x00000000DFFF0240 000054 (v02 VBOX   VBOXAPIC 00000001 ASL  00000061)
[    0.000000] ACPI: SSDT 0x00000000DFFF02A0 0001CC (v01 VBOX   VBOXCPUT 00000002 INTL 20210105)
[    0.000000] ACPI: Local APIC address 0xfee00000
[    0.000000] No NUMA configuration found
[    0.000000] Faking a node at [mem 0x0000000000000000-0x000000019a2fffff]
[    0.000000] NODE_DATA(0) allocated [mem 0x19a2fc000-0x19a2fffff]
[    0.000000] Zone ranges:
[    0.000000]   DMA      [mem 0x0000000000001000-0x0000000000ffffff]
[    0.000000]   DMA32    [mem 0x0000000001000000-0x00000000ffffffff]
[    0.000000]   Normal   [mem 0x0000000100000000-0x000000019a2fffff]
[    0.000000] Movable zone start for each node
[    0.000000] Early memory node ranges
[    0.000000]   node   0: [mem 0x0000000000001000-0x000000000009efff]
[    0.000000]   node   0: [mem 0x0000000000100000-0x00000000dffeffff]
[    0.000000]   node   0: [mem 0x0000000100000000-0x000000019a2fffff]
[    0.000000] Zeroed struct page in unavailable ranges: 23922 pages
[    0.000000] Initmem setup node 0 [mem 0x0000000000001000-0x000000019a2fffff]
[    0.000000] On node 0 totalpages: 1548942
[    0.000000]   DMA zone: 64 pages used for memmap
[    0.000000]   DMA zone: 21 pages reserved
[    0.000000]   DMA zone: 3998 pages, LIFO batch:0
[    0.000000]   DMA32 zone: 14272 pages used for memmap
[    0.000000]   DMA32 zone: 913392 pages, LIFO batch:63
[    0.000000]   Normal zone: 9868 pages used for memmap
[    0.000000]   Normal zone: 631552 pages, LIFO batch:63
[    0.000000] ACPI: PM-Timer IO Port: 0x4008
[    0.000000] ACPI: Local APIC address 0xfee00000
[    0.000000] IOAPIC[0]: apic_id 1, version 32, address 0xfec00000, GSI 0-23
[    0.000000] ACPI: INT_SRC_OVR (bus 0 bus_irq 0 global_irq 2 dfl dfl)
[    0.000000] ACPI: INT_SRC_OVR (bus 0 bus_irq 9 global_irq 9 low level)
[    0.000000] ACPI: IRQ0 used by override.
[    0.000000] ACPI: IRQ9 used by override.
[    0.000000] Using ACPI (MADT) for SMP configuration information
[    0.000000] smpboot: Allowing 1 CPUs, 0 hotplug CPUs
[    0.000000] PM: hibernation: Registered nosave memory: [mem 0x00000000-0x00000fff]
[    0.000000] PM: hibernation: Registered nosave memory: [mem 0x0009f000-0x0009ffff]
[    0.000000] PM: hibernation: Registered nosave memory: [mem 0x000a0000-0x000effff]
[    0.000000] PM: hibernation: Registered nosave memory: [mem 0x000f0000-0x000fffff]
[    0.000000] PM: hibernation: Registered nosave memory: [mem 0xdfff0000-0xdfffffff]
[    0.000000] PM: hibernation: Registered nosave memory: [mem 0xe0000000-0xfebfffff]
[    0.000000] PM: hibernation: Registered nosave memory: [mem 0xfec00000-0xfec00fff]
[    0.000000] PM: hibernation: Registered nosave memory: [mem 0xfec01000-0xfedfffff]
[    0.000000] PM: hibernation: Registered nosave memory: [mem 0xfee00000-0xfee00fff]
[    0.000000] PM: hibernation: Registered nosave memory: [mem 0xfee01000-0xfffbffff]
[    0.000000] PM: hibernation: Registered nosave memory: [mem 0xfffc0000-0xffffffff]
[    0.000000] [mem 0xe0000000-0xfebfffff] available for PCI devices
[    0.000000] clocksource: refined-jiffies: mask: 0xffffffff max_cycles: 0xffffffff, max_idle_ns: 1910969940391419 ns
[    0.000000] setup_percpu: NR_CPUS:64 nr_cpumask_bits:64 nr_cpu_ids:1 nr_node_ids:1
[    0.000000] percpu: Embedded 52 pages/cpu s173528 r8192 d31272 u2097152
[    0.000000] pcpu-alloc: s173528 r8192 d31272 u2097152 alloc=1*2097152
[    0.000000] pcpu-alloc: [0] 0 
[    0.000000] Built 1 zonelists, mobility grouping on.  Total pages: 1524717
[    0.000000] Policy zone: Normal
[    0.000000] Kernel command line: BOOT_IMAGE=/boot/vmlinuz-5.11.6 root=UUID=71ec6bf4-ef77-4eab-b20a-36a54e6d4977 ro quiet splash
[    0.000000] Dentry cache hash table entries: 1048576 (order: 11, 8388608 bytes, linear)
[    0.000000] Inode-cache hash table entries: 524288 (order: 10, 4194304 bytes, linear)
[    0.000000] mem auto-init: stack:off, heap alloc:off, heap free:off
[    0.000000] Memory: 5975932K/6195768K available (14350K kernel code, 2552K rwdata, 3500K rodata, 1192K init, 1836K bss, 219576K reserved, 0K cma-reserved)
[    0.000000] SLUB: HWalign=64, Order=0-3, MinObjects=0, CPUs=1, Nodes=1
[    0.000000] Kernel/User page tables isolation: enabled
[    0.000000] rcu: Hierarchical RCU implementation.
[    0.000000] rcu: 	RCU event tracing is enabled.
[    0.000000] rcu: 	RCU restricting CPUs from NR_CPUS=64 to nr_cpu_ids=1.
[    0.000000] rcu: RCU calculated value of scheduler-enlistment delay is 100 jiffies.
[    0.000000] rcu: Adjusting geometry for rcu_fanout_leaf=16, nr_cpu_ids=1
[    0.000000] NR_IRQS: 4352, nr_irqs: 256, preallocated irqs: 16
[    0.000000] random: get_random_bytes called from start_kernel+0x387/0x54e with crng_init=0
[    0.000000] Console: colour VGA+ 80x25
[    0.000000] printk: console [tty0] enabled
[    0.000000] ACPI: Core revision 20201113
[    0.000000] APIC: Switch to symmetric I/O mode setup
[    0.000000] ..TIMER: vector=0x30 apic1=0 pin1=2 apic2=-1 pin2=-1
[    0.008000] tsc: Unable to calibrate against PIT
[    0.008000] tsc: using PMTIMER reference calibration
[    0.008000] tsc: Detected 2808.000 MHz processor
[    0.000004] clocksource: tsc-early: mask: 0xffffffffffffffff max_cycles: 0x2879c5f06f2, max_idle_ns: 440795220049 ns
[    0.000007] Calibrating delay loop (skipped), value calculated using timer frequency.. 5616.00 BogoMIPS (lpj=2808000)
[    0.000009] pid_max: default: 32768 minimum: 301
[    0.000023] LSM: Security Framework initializing
[    0.000028] SELinux:  Initializing.
[    0.000047] Mount-cache hash table entries: 16384 (order: 5, 131072 bytes, linear)
[    0.000056] Mountpoint-cache hash table entries: 16384 (order: 5, 131072 bytes, linear)
[    0.000242] unchecked MSR access error: WRMSR to 0x3a (tried to write 0x0000000000000001) at rIP: 0xffffffffa7a329e2 (init_ia32_feat_ctl+0xa2/0x2f0)
[    0.000247] Call Trace:
[    0.000249]  init_intel+0xaf/0x440
[    0.000251]  identify_cpu+0x2e4/0x600
[    0.000252]  identify_boot_cpu+0xc/0x94
[    0.000255]  check_bugs+0x21/0x9f1
[    0.000257]  start_kernel+0x51c/0x54e
[    0.000259]  secondary_startup_64_no_verify+0xc2/0xcb
[    0.000281] process: using mwait in idle threads
[    0.000284] Last level iTLB entries: 4KB 64, 2MB 8, 4MB 8
[    0.000285] Last level dTLB entries: 4KB 64, 2MB 0, 4MB 0, 1GB 4
[    0.000287] Spectre V1 : Mitigation: usercopy/swapgs barriers and __user pointer sanitization
[    0.000288] Spectre V2 : Mitigation: Full generic retpoline
[    0.000288] Spectre V2 : Spectre v2 / SpectreRSB mitigation: Filling RSB on context switch
[    0.000289] Speculative Store Bypass: Vulnerable
[    0.000291] SRBDS: Unknown: Dependent on hypervisor status
[    0.000291] MDS: Vulnerable: Clear CPU buffers attempted, no microcode
[    0.005006] Freeing SMP alternatives memory: 40K
[    0.106522] smpboot: CPU0: Intel(R) Core(TM) i7-7700HQ CPU @ 2.80GHz (family: 0x6, model: 0x9e, stepping: 0x9)
[    0.106589] Performance Events: unsupported p6 CPU model 158 no PMU driver, software events only.
[    0.106614] rcu: Hierarchical SRCU implementation.
[    0.106752] smp: Bringing up secondary CPUs ...
[    0.106753] smp: Brought up 1 node, 1 CPU
[    0.106754] smpboot: Max logical packages: 1
[    0.106755] smpboot: Total of 1 processors activated (5616.00 BogoMIPS)
[    0.106948] devtmpfs: initialized
[    0.107006] clocksource: jiffies: mask: 0xffffffff max_cycles: 0xffffffff, max_idle_ns: 1911260446275000 ns
[    0.107006] futex hash table entries: 256 (order: 2, 16384 bytes, linear)
[    0.107006] PM: RTC time: 19:32:06, date: 2021-03-14
[    0.107006] NET: Registered protocol family 16
[    0.107006] audit: initializing netlink subsys (disabled)
[    0.107006] thermal_sys: Registered thermal governor 'step_wise'
[    0.107006] thermal_sys: Registered thermal governor 'user_space'
[    0.107006] cpuidle: using governor menu
[    0.107006] ACPI: bus type PCI registered
[    0.107025] PCI: Using configuration type 1 for base access
[    0.108163] Kprobes globally optimized
[    0.108175] audit: type=2000 audit(1615750325.114:1): state=initialized audit_enabled=0 res=1
[    0.108204] HugeTLB registered 2.00 MiB page size, pre-allocated 0 pages
[    0.108228] cryptomgr_test (20) used greatest stack depth: 15656 bytes left
[    0.108378] ACPI: Added _OSI(Module Device)
[    0.108379] ACPI: Added _OSI(Processor Device)
[    0.108379] ACPI: Added _OSI(3.0 _SCP Extensions)
[    0.108380] ACPI: Added _OSI(Processor Aggregator Device)
[    0.108381] ACPI: Added _OSI(Linux-Dell-Video)
[    0.108382] ACPI: Added _OSI(Linux-Lenovo-NV-HDMI-Audio)
[    0.108382] ACPI: Added _OSI(Linux-HPI-Hybrid-Graphics)
[    0.109259] ACPI: 2 ACPI AML tables successfully acquired and loaded
[    0.109947] ACPI: Interpreter enabled
[    0.109953] ACPI: (supports S0 S5)
[    0.109955] ACPI: Using IOAPIC for interrupt routing
[    0.110006] PCI: Using host bridge windows from ACPI; if necessary, use "pci=nocrs" and report a bug
[    0.110006] ACPI: Enabled 2 GPEs in block 00 to 07
[    0.112564] ACPI: PCI Root Bridge [PCI0] (domain 0000 [bus 00-ff])
[    0.112569] acpi PNP0A03:00: _OSC: OS supports [ASPM ClockPM Segments MSI HPX-Type3]
[    0.112755] acpi PNP0A03:00: _OSC: not requesting OS control; OS requires [ExtendedConfig ASPM ClockPM MSI]
[    0.112760] acpi PNP0A03:00: fail to add MMCONFIG information, can't access extended PCI configuration space under this bridge.
[    0.112811] PCI host bridge to bus 0000:00
[    0.112812] pci_bus 0000:00: root bus resource [io  0x0000-0x0cf7 window]
[    0.112813] pci_bus 0000:00: root bus resource [io  0x0d00-0xffff window]
[    0.112815] pci_bus 0000:00: root bus resource [mem 0x000a0000-0x000bffff window]
[    0.112816] pci_bus 0000:00: root bus resource [mem 0xe0000000-0xfdffffff window]
[    0.112817] pci_bus 0000:00: root bus resource [bus 00-ff]
[    0.112843] pci 0000:00:00.0: [8086:1237] type 00 class 0x060000
[    0.113194] pci 0000:00:01.0: [8086:7000] type 00 class 0x060100
[    0.113583] pci 0000:00:01.1: [8086:7111] type 00 class 0x01018a
[    0.113771] pci 0000:00:01.1: reg 0x20: [io  0xd000-0xd00f]
[    0.113850] pci 0000:00:01.1: legacy IDE quirk: reg 0x10: [io  0x01f0-0x01f7]
[    0.113851] pci 0000:00:01.1: legacy IDE quirk: reg 0x14: [io  0x03f6]
[    0.113852] pci 0000:00:01.1: legacy IDE quirk: reg 0x18: [io  0x0170-0x0177]
[    0.113853] pci 0000:00:01.1: legacy IDE quirk: reg 0x1c: [io  0x0376]
[    0.113988] pci 0000:00:02.0: [15ad:0405] type 00 class 0x030000
[    0.116666] pci 0000:00:02.0: reg 0x10: [io  0xd010-0xd01f]
[    0.118751] pci 0000:00:02.0: reg 0x14: [mem 0xe0000000-0xe0ffffff pref]
[    0.120771] pci 0000:00:02.0: reg 0x18: [mem 0xf0000000-0xf01fffff]
[    0.129238] pci 0000:00:03.0: [8086:100e] type 00 class 0x020000
[    0.130610] pci 0000:00:03.0: reg 0x10: [mem 0xf0200000-0xf021ffff]
[    0.134790] pci 0000:00:03.0: reg 0x18: [io  0xd020-0xd027]
[    0.141364] pci 0000:00:04.0: [80ee:cafe] type 00 class 0x088000
[    0.142605] pci 0000:00:04.0: reg 0x10: [io  0xd040-0xd05f]
[    0.144866] pci 0000:00:04.0: reg 0x14: [mem 0xf0400000-0xf07fffff]
[    0.146443] pci 0000:00:04.0: reg 0x18: [mem 0xf0800000-0xf0803fff pref]
[    0.154641] pci 0000:00:05.0: [8086:2415] type 00 class 0x040100
[    0.154804] pci 0000:00:05.0: reg 0x10: [io  0xd100-0xd1ff]
[    0.154873] pci 0000:00:05.0: reg 0x14: [io  0xd200-0xd23f]
[    0.155412] pci 0000:00:06.0: [106b:003f] type 00 class 0x0c0310
[    0.157676] pci 0000:00:06.0: reg 0x10: [mem 0xf0804000-0xf0804fff]
[    0.169195] pci 0000:00:07.0: [8086:7113] type 00 class 0x068000
[    0.169403] pci 0000:00:07.0: quirk: [io  0x4000-0x403f] claimed by PIIX4 ACPI
[    0.169409] pci 0000:00:07.0: quirk: [io  0x4100-0x410f] claimed by PIIX4 SMB
[    0.169608] pci 0000:00:0d.0: [8086:2829] type 00 class 0x010601
[    0.171496] pci 0000:00:0d.0: reg 0x10: [io  0xd240-0xd247]
[    0.173400] pci 0000:00:0d.0: reg 0x14: [io  0xd248-0xd24b]
[    0.175298] pci 0000:00:0d.0: reg 0x18: [io  0xd250-0xd257]
[    0.177019] pci 0000:00:0d.0: reg 0x1c: [io  0xd258-0xd25b]
[    0.178466] pci 0000:00:0d.0: reg 0x20: [io  0xd260-0xd26f]
[    0.180646] pci 0000:00:0d.0: reg 0x24: [mem 0xf0806000-0xf0807fff]
[    0.183782] ACPI: PCI Interrupt Link [LNKA] (IRQs 5 9 10 *11)
[    0.183907] ACPI: PCI Interrupt Link [LNKB] (IRQs 5 9 *10 11)
[    0.183955] ACPI: PCI Interrupt Link [LNKC] (IRQs 5 *9 10 11)
[    0.184030] ACPI: PCI Interrupt Link [LNKD] (IRQs 5 9 10 *11)
[    0.184155] iommu: Default domain type: Translated 
[    0.184199] pci 0000:00:02.0: vgaarb: setting as boot VGA device
[    0.184200] pci 0000:00:02.0: vgaarb: VGA device added: decodes=io+mem,owns=io+mem,locks=none
[    0.184202] pci 0000:00:02.0: vgaarb: bridge control possible
[    0.184203] vgaarb: loaded
[    0.184253] SCSI subsystem initialized
[    0.184289] libata version 3.00 loaded.
[    0.184312] ACPI: bus type USB registered
[    0.184339] usbcore: registered new interface driver usbfs
[    0.184346] usbcore: registered new interface driver hub
[    0.184350] usbcore: registered new device driver usb
[    0.184358] pps_core: LinuxPPS API ver. 1 registered
[    0.184359] pps_core: Software ver. 5.3.6 - Copyright 2005-2007 Rodolfo Giometti <giometti@linux.it>
[    0.184361] PTP clock support registered
[    0.184409] Advanced Linux Sound Architecture Driver Initialized.
[    0.184495] NetLabel: Initializing
[    0.184496] NetLabel:  domain hash size = 128
[    0.184496] NetLabel:  protocols = UNLABELED CIPSOv4 CALIPSO
[    0.184511] NetLabel:  unlabeled traffic allowed by default
[    0.184535] PCI: Using ACPI for IRQ routing
[    0.184536] PCI: pci_cache_line_size set to 64 bytes
[    0.184651] e820: reserve RAM buffer [mem 0x0009fc00-0x0009ffff]
[    0.184654] e820: reserve RAM buffer [mem 0xdfff0000-0xdfffffff]
[    0.184655] e820: reserve RAM buffer [mem 0x19a300000-0x19bffffff]
[    0.185006] clocksource: Switched to clocksource tsc-early
[    0.188634] VFS: Disk quotas dquot_6.6.0
[    0.188644] VFS: Dquot-cache hash table entries: 512 (order 0, 4096 bytes)
[    0.188678] pnp: PnP ACPI init
[    0.188721] pnp 00:00: Plug and Play ACPI device, IDs PNP0303 (active)
[    0.188759] pnp 00:01: Plug and Play ACPI device, IDs PNP0f03 (active)
[    0.189093] pnp: PnP ACPI: found 2 devices
[    0.194362] clocksource: acpi_pm: mask: 0xffffff max_cycles: 0xffffff, max_idle_ns: 2085701024 ns
[    0.262676] NET: Registered protocol family 2
[    0.262759] tcp_listen_portaddr_hash hash table entries: 4096 (order: 4, 65536 bytes, linear)
[    0.262767] TCP established hash table entries: 65536 (order: 7, 524288 bytes, linear)
[    0.262807] TCP bind hash table entries: 65536 (order: 8, 1048576 bytes, linear)
[    0.262842] TCP: Hash tables configured (established 65536 bind 65536)
[    0.262842] UDP hash table entries: 4096 (order: 5, 131072 bytes, linear)
[    0.263561] UDP-Lite hash table entries: 4096 (order: 5, 131072 bytes, linear)
[    0.263610] NET: Registered protocol family 1
[    0.263768] RPC: Registered named UNIX socket transport module.
[    0.263769] RPC: Registered udp transport module.
[    0.263770] RPC: Registered tcp transport module.
[    0.263770] RPC: Registered tcp NFSv4.1 backchannel transport module.
[    0.263903] pci_bus 0000:00: resource 4 [io  0x0000-0x0cf7 window]
[    0.263905] pci_bus 0000:00: resource 5 [io  0x0d00-0xffff window]
[    0.263906] pci_bus 0000:00: resource 6 [mem 0x000a0000-0x000bffff window]
[    0.263907] pci_bus 0000:00: resource 7 [mem 0xe0000000-0xfdffffff window]
[    0.263955] pci 0000:00:00.0: Limiting direct PCI/PCI transfers
[    0.263955] pci 0000:00:01.0: Activating ISA DMA hang workarounds
[    0.263955] pci 0000:00:02.0: Video device with shadowed ROM at [mem 0x000c0000-0x000dffff]
[    0.264684] PCI: CLS 0 bytes, default 64
[    0.264710] Unpacking initramfs...
[    0.279751] Freeing initrd memory: 11916K
[    0.279767] PCI-DMA: Using software bounce buffering for IO (SWIOTLB)
[    0.279768] software IO TLB: mapped [mem 0x00000000dbff0000-0x00000000dfff0000] (64MB)
[    0.279815] RAPL PMU: API unit is 2^-32 Joules, 0 fixed counters, 10737418240 ms ovfl timer
[    0.279867] platform rtc_cmos: registered platform RTC device (no PNP device found)
[    0.279926] check: Scanning for low memory corruption every 60 seconds
[    0.280079] Initialise system trusted keyrings
[    0.280118] workingset: timestamp_bits=56 max_order=21 bucket_order=0
[    0.281956] NFS: Registering the id_resolver key type
[    0.281960] Key type id_resolver registered
[    0.281961] Key type id_legacy registered
[    0.284302] jitterentropy: Initialization failed with host not compliant with requirements: 10
[    0.284302] Key type asymmetric registered
[    0.284302] Asymmetric key parser 'x509' registered
[    0.284302] Block layer SCSI generic (bsg) driver version 0.4 loaded (major 251)
[    0.284302] io scheduler mq-deadline registered
[    0.284302] io scheduler kyber registered
[    0.284302] ACPI: AC Adapter [AC] (on-line)
[    0.284302] input: Power Button as /devices/LNXSYSTM:00/LNXPWRBN:00/input/input0
[    0.284306] ACPI: Power Button [PWRF]
[    0.284345] input: Sleep Button as /devices/LNXSYSTM:00/LNXSLPBN:00/input/input1
[    0.284356] ACPI: Sleep Button [SLPF]
[    0.284403] ACPI: Video Device [GFX0] (multi-head: yes  rom: no  post: no)
[    0.284434] input: Video Bus as /devices/LNXSYSTM:00/LNXSYBUS:00/PNP0A03:00/LNXVIDEO:00/input/input2
[    0.284524] Serial: 8250/16550 driver, 4 ports, IRQ sharing enabled
[    0.284684] Non-volatile memory driver v1.3
[    0.284693] Linux agpgart interface v0.103
[    0.286085] loop: module loaded
[    0.286120] ahci 0000:00:0d.0: version 3.0
[    0.286446] ahci 0000:00:0d.0: SSS flag set, parallel bus scan disabled
[    0.286525] ahci 0000:00:0d.0: AHCI 0001.0100 32 slots 1 ports 3 Gbps 0x1 impl SATA mode
[    0.286528] ahci 0000:00:0d.0: flags: 64bit ncq stag only ccc 
[    0.286942] battery: ACPI: Battery Slot [BAT0] (battery present)
[    0.286950] scsi host0: ahci
[    0.286993] ata1: SATA max UDMA/133 abar m8192@0xf0806000 port 0xf0806100 irq 21
[    0.287007] ata_piix 0000:00:01.1: version 2.13
[    0.287262] scsi host1: ata_piix
[    0.287301] scsi host2: ata_piix
[    0.287317] ata2: PATA max UDMA/33 cmd 0x1f0 ctl 0x3f6 bmdma 0xd000 irq 14
[    0.287318] ata3: PATA max UDMA/33 cmd 0x170 ctl 0x376 bmdma 0xd008 irq 15
[    0.287384] e100: Intel(R) PRO/100 Network Driver
[    0.287384] e100: Copyright(c) 1999-2006 Intel Corporation
[    0.287389] e1000: Intel(R) PRO/1000 Network Driver
[    0.287389] e1000: Copyright (c) 1999-2006 Intel Corporation.
[    0.458648] ata3.00: ATAPI: VBOX CD-ROM, 1.0, max UDMA/133
[    0.617530] ata1: SATA link up 3.0 Gbps (SStatus 123 SControl 300)
[    0.620040] ata1.00: ATA-6: VBOX HARDDISK, 1.0, max UDMA/133
[    0.620042] ata1.00: 74914560 sectors, multi 128: LBA48 NCQ (depth 32)
[    0.620191] ata1.00: configured for UDMA/133
[    0.620249] scsi 0:0:0:0: Direct-Access     ATA      VBOX HARDDISK    1.0  PQ: 0 ANSI: 5
[    0.620358] sd 0:0:0:0: Attached scsi generic sg0 type 0
[    0.620522] scsi 2:0:0:0: CD-ROM            VBOX     CD-ROM           1.0  PQ: 0 ANSI: 5
[    0.620636] sd 0:0:0:0: [sda] 74914560 512-byte logical blocks: (38.4 GB/35.7 GiB)
[    0.620641] sd 0:0:0:0: [sda] Write Protect is off
[    0.620681] sd 0:0:0:0: [sda] Mode Sense: 00 3a 00 00
[    0.620812] sd 0:0:0:0: [sda] Write cache: enabled, read cache: enabled, doesn't support DPO or FUA
[    0.621001] e1000 0000:00:03.0 eth0: (PCI:33MHz:32-bit) 08:00:27:25:3a:ad
[    0.621005] e1000 0000:00:03.0 eth0: Intel(R) PRO/1000 Network Connection
[    0.621035] e1000e: Intel(R) PRO/1000 Network Driver
[    0.621035] e1000e: Copyright(c) 1999 - 2015 Intel Corporation.
[    0.621045] sky2: driver version 1.30
[    0.621091] ehci_hcd: USB 2.0 'Enhanced' Host Controller (EHCI) Driver
[    0.621092] ehci-pci: EHCI PCI platform driver
[    0.621097] ohci_hcd: USB 1.1 'Open' Host Controller (OHCI) Driver
[    0.621098] ohci-pci: OHCI PCI platform driver
[    0.621819] ohci-pci 0000:00:06.0: OHCI PCI host controller
[    0.621840] ohci-pci 0000:00:06.0: new USB bus registered, assigned bus number 1
[    0.621884] ohci-pci 0000:00:06.0: irq 22, io mem 0xf0804000
[    0.625486]  sda: sda1 sda2 < sda5 >
[    0.625660] sd 0:0:0:0: [sda] Attached SCSI disk
[    0.634286] sr 2:0:0:0: [sr0] scsi3-mmc drive: 32x/32x xa/form2 tray
[    0.634289] cdrom: Uniform CD-ROM driver Revision: 3.20
[    0.648142] sr 2:0:0:0: Attached scsi CD-ROM sr0
[    0.648276] sr 2:0:0:0: Attached scsi generic sg1 type 5
[    0.674224] usb usb1: New USB device found, idVendor=1d6b, idProduct=0001, bcdDevice= 5.11
[    0.674227] usb usb1: New USB device strings: Mfr=3, Product=2, SerialNumber=1
[    0.674229] usb usb1: Product: OHCI PCI host controller
[    0.674230] usb usb1: Manufacturer: Linux 5.11.6 ohci_hcd
[    0.674231] usb usb1: SerialNumber: 0000:00:06.0
[    0.674311] hub 1-0:1.0: USB hub found
[    0.674319] hub 1-0:1.0: 12 ports detected
[    0.674528] uhci_hcd: USB Universal Host Controller Interface driver
[    0.674553] usbcore: registered new interface driver usblp
[    0.674560] usbcore: registered new interface driver usb-storage
[    0.674573] i8042: PNP: PS/2 Controller [PNP0303:PS2K,PNP0f03:PS2M] at 0x60,0x64 irq 1,12
[    0.674823] serio: i8042 KBD port at 0x60,0x64 irq 1
[    0.674823] serio: i8042 AUX port at 0x60,0x64 irq 12
[    0.675885] input: AT Translated Set 2 keyboard as /devices/platform/i8042/serio0/input/input3
[    0.676784] rtc_cmos rtc_cmos: registered as rtc0
[    0.676793] rtc_cmos rtc_cmos: alarms up to one day, 114 bytes nvram
[    0.676830] device-mapper: ioctl: 4.43.0-ioctl (2020-10-01) initialised: dm-devel@redhat.com
[    0.676830] intel_pstate: CPU model not supported
[    0.676830] hid: raw HID events driver (C) Jiri Kosina
[    0.676830] usbcore: registered new interface driver usbhid
[    0.676830] usbhid: USB HID core driver
[    0.677337] Initializing XFRM netlink socket
[    0.677337] NET: Registered protocol family 10
[    0.677337] Segment Routing with IPv6
[    0.677338] sit: IPv6, IPv4 and MPLS over IPv4 tunneling driver
[    0.677338] NET: Registered protocol family 17
[    0.677338] Key type dns_resolver registered
[    0.677393] IPI shorthand broadcast: enabled
[    0.677400] sched_clock: Marking stable (685330380, -7993271)->(680124731, -2787622)
[    0.677442] registered taskstats version 1
[    0.677443] Loading compiled-in X.509 certificates
[    0.677592] PM:   Magic number: 13:526:546
[    0.677614] mem null: hash matches
[    0.677626] printk: console [netcon0] enabled
[    0.677626] netconsole: network logging started
[    0.677657] cfg80211: Loading compiled-in X.509 certificates for regulatory database
[    0.678665] modprobe (63) used greatest stack depth: 14392 bytes left
[    0.680074] cfg80211: Loaded X.509 cert 'sforshee: 00b28ddf47aef9cea7'
[    0.680080] ALSA device list:
[    0.680081]   No soundcards found.
[    0.680209] Freeing unused kernel image (initmem) memory: 1192K
[    0.680228] platform regulatory.0: Direct firmware load for regulatory.db failed with error -2
[    0.680230] cfg80211: failed to load regulatory.db
[    0.681838] Write protecting the kernel read-only data: 20480k
[    0.682163] Freeing unused kernel image (text/rodata gap) memory: 2032K
[    0.682240] Freeing unused kernel image (rodata/data gap) memory: 596K
[    0.682248] Run /init as init process
[    0.682248]   with arguments:
[    0.682249]     /init
[    0.682249]     splash
[    0.682250]   with environment:
[    0.682250]     HOME=/
[    0.682250]     TERM=linux
[    0.682251]     BOOT_IMAGE=/boot/vmlinuz-5.11.6
[    0.771774] e1000 0000:00:03.0 enp0s3: renamed from eth0
[    0.778476] udevadm (103) used greatest stack depth: 14184 bytes left
[    0.805690] random: fast init done
[    0.821572] ata_id (113) used greatest stack depth: 13880 bytes left
[    0.881030] input: ImExPS/2 Generic Explorer Mouse as /devices/platform/i8042/serio1/input/input5
[    0.895916] EXT4-fs (sda5): mounted filesystem with ordered data mode. Opts: (null). Quota mode: none.
[    0.902801] systemd-udevd (101) used greatest stack depth: 13408 bytes left
[    1.033268] systemd[1]: systemd 245.4-4ubuntu3.4 running in system mode. (+PAM +AUDIT +SELINUX +IMA +APPARMOR +SMACK +SYSVINIT +UTMP +LIBCRYPTSETUP +GCRYPT +GNUTLS +ACL +XZ +LZ4 +SECCOMP +BLKID +ELFUTILS +KMOD +IDN2 -IDN +PCRE2 default-hierarchy=hybrid)
[    1.033297] systemd[1]: Detected virtualization oracle.
[    1.033300] systemd[1]: Detected architecture x86-64.
[    1.033834] systemd[1]: Set hostname to <amin-VirtualBox>.
[    1.043065] usb 1-1: new full-speed USB device number 2 using ohci-pci
[    1.164619] systemd[1]: /lib/systemd/system/dbus.socket:5: ListenStream= references a path below legacy directory /var/run/, updating /var/run/dbus/system_bus_socket â†’ /run/dbus/system_bus_socket; please update the unit file accordingly.
[    1.260287] systemd[1]: system-modprobe.slice: unit configures an IP firewall, but the local system does not support BPF/cgroup firewalling.
[    1.260295] systemd[1]: (This warning is only shown for the first unit using IP firewalling.)
[    1.260551] systemd[1]: Created slice system-modprobe.slice.
[    1.260705] systemd[1]: Created slice system-systemd\x2dfsck.slice.
[    1.260774] systemd[1]: Created slice User and Session Slice.
[    1.260822] systemd[1]: Started Forward Password Requests to Wall Directory Watch.
[    1.260969] systemd[1]: Set up automount Arbitrary Executable File Formats File System Automount Point.
[    1.261007] systemd[1]: Reached target User and Group Name Lookups.
[    1.261017] systemd[1]: Reached target Remote File Systems.
[    1.261024] systemd[1]: Reached target Slices.
[    1.261037] systemd[1]: Reached target System Time Set.
[    1.261042] systemd[1]: Reached target System Time Synchronized.
[    1.261843] systemd[1]: Listening on Syslog Socket.
[    1.261937] systemd[1]: Listening on fsck to fsckd communication Socket.
[    1.261982] systemd[1]: Listening on initctl Compatibility Named Pipe.
[    1.262222] systemd[1]: Listening on Journal Audit Socket.
[    1.262282] systemd[1]: Listening on Journal Socket (/dev/log).
[    1.262628] systemd[1]: Listening on Journal Socket.
[    1.262835] systemd[1]: Listening on udev Control Socket.
[    1.262933] systemd[1]: Listening on udev Kernel Socket.
[    1.263785] systemd[1]: Mounting Huge Pages File System...
[    1.264264] systemd[1]: Mounting POSIX Message Queue File System...
[    1.264754] systemd[1]: Mounting Kernel Debug File System...
[    1.265166] systemd[1]: Mounting Kernel Trace File System...
[    1.265632] systemd[1]: Starting Journal Service...
[    1.266130] systemd[1]: Starting Set the console keyboard layout...
[    1.269808] systemd[1]: Condition check resulted in Create list of static device nodes for the current kernel being skipped.
[    1.269852] systemd[1]: Condition check resulted in Load Kernel Module drm being skipped.
[    1.271831] usb 1-1: New USB device found, idVendor=80ee, idProduct=0021, bcdDevice= 1.00
[    1.271834] usb 1-1: New USB device strings: Mfr=1, Product=3, SerialNumber=0
[    1.271835] usb 1-1: Product: USB Tablet
[    1.271837] usb 1-1: Manufacturer: VirtualBox
[    1.271957] systemd[1]: Condition check resulted in Set Up Additional Binary Formats being skipped.
[    1.272003] systemd[1]: Condition check resulted in File System Check on Root Device being skipped.
[    1.274286] systemd[1]: Starting Load Kernel Modules...
[    1.275941] systemd[1]: Starting Remount Root and Kernel File Systems...
[    1.280040] systemd[1]: Starting udev Coldplug all Devices...
[    1.283707] input: VirtualBox USB Tablet as /devices/pci0000:00/0000:00:06.0/usb1/1-1/1-1:1.0/0003:80EE:0021.0001/input/input6
[    1.283747] hid-generic 0003:80EE:0021.0001: input,hidraw0: USB HID v1.10 Mouse [VirtualBox USB Tablet] on usb-0000:00:06.0-1/input0
[    1.283923] systemd[1]: Starting Uncomplicated firewall...
[    1.284988] systemd[1]: Mounted Huge Pages File System.
[    1.285068] systemd[1]: Mounted POSIX Message Queue File System.
[    1.285130] systemd[1]: Mounted Kernel Debug File System.
[    1.285183] systemd[1]: Mounted Kernel Trace File System.
[    1.299496] systemd[1]: Finished Uncomplicated firewall.
[    1.303068] EXT4-fs (sda5): re-mounted. Opts: errors=remount-ro. Quota mode: none.
[    1.304977] systemd[1]: Finished Remount Root and Kernel File Systems.
[    1.311638] systemd[1]: Activating swap /swapfile...
[    1.312984] systemd[1]: Condition check resulted in Rebuild Hardware Database being skipped.
[    1.313154] systemd[1]: Condition check resulted in Platform Persistent Storage Archival being skipped.
[    1.313968] systemd[1]: Starting Load/Save Random Seed...
[    1.314712] systemd[1]: Starting Create System Users...
[    1.317679] tsc: Refined TSC clocksource calibration: 2808.234 MHz
[    1.317679] clocksource: tsc: mask: 0xffffffffffffffff max_cycles: 0x287aa32438e, max_idle_ns: 440795252912 ns
[    1.317679] clocksource: Switched to clocksource tsc
[    1.318956] systemd[1]: Finished Load Kernel Modules.
[    1.319150] systemd[1]: Condition check resulted in FUSE Control File System being skipped.
[    1.319165] systemd[1]: Condition check resulted in VMware vmblock fuse mount being skipped.
[    1.319220] systemd[1]: Condition check resulted in Kernel Configuration File System being skipped.
[    1.320262] systemd[1]: Starting Apply Kernel Variables...
[    1.358889] Adding 654988k swap on /swapfile.  Priority:-2 extents:3 across:671372k 
[    1.359002] swapon (185) used greatest stack depth: 13392 bytes left
[    1.359064] systemd[1]: Activated swap /swapfile.
[    1.359216] systemd[1]: Reached target Swap.
[    1.383211] systemd[1]: Finished Create System Users.
[    1.383668] systemd[1]: Starting Create Static Device Nodes in /dev...
[    1.401378] systemd[1]: Finished udev Coldplug all Devices.
[    1.402916] systemd[1]: Finished Apply Kernel Variables.
[    1.416354] random: crng init done
[    1.421495] systemd[1]: Finished Load/Save Random Seed.
[    1.427268] systemd[1]: Finished Create Static Device Nodes in /dev.
[    1.427718] systemd[1]: Starting udev Kernel Device Manager...
[    1.441624] systemd[1]: Started Journal Service.
[    1.449644] systemd-journald[175]: Received client request to flush runtime journal.
[    1.464120] loop0: detected capacity change from 0 to 284160
[    1.494327] loop1: detected capacity change from 0 to 284208
[    1.495133] loop2: detected capacity change from 0 to 318848
[    1.495240] loop3: detected capacity change from 0 to 313264
[    1.500009] loop4: detected capacity change from 0 to 201424
[    1.502916] loop5: detected capacity change from 0 to 203176
[    1.544894] loop0: detected capacity change from 0 to 113592
[    1.546225] loop2: detected capacity change from 0 to 63664
[    1.547627] loop3: detected capacity change from 0 to 333552
[    1.554647] loop4: detected capacity change from 0 to 104536
[    1.574789] loop0: detected capacity change from 0 to 66104
[    1.582122] loop1: detected capacity change from 0 to 448496
[    1.595845] loop2: detected capacity change from 0 to 132648
[    2.087812] ln (288) used greatest stack depth: 13256 bytes left
[    2.960120] loop0: detected capacity change from 0 to 8
[    3.128697] e1000: enp0s3 NIC Link is Up 1000 Mbps Full Duplex, Flow Control: RX
[    3.133119] IPv6: ADDRCONF(NETDEV_CHANGE): enp0s3: link becomes ready
[    3.333761] e2scrub_all (359) used greatest stack depth: 13232 bytes left
[    3.401233] hrtimer: interrupt took 4049837 ns
[   17.436996] rfkill: input handler disabled
[   22.584178] rfkill: input handler enabled
[   26.224395] rfkill: input handler disabled
[  303.015851] loop0: detected capacity change from 0 to 8
[  603.014103] loop0: detected capacity change from 0 to 8
[  660.441234] kworker/dying (61) used greatest stack depth: 12632 bytes left
[  903.012691] loop0: detected capacity change from 0 to 8
[ 1203.010158] loop0: detected capacity change from 0 to 8
[ 1503.013020] loop0: detected capacity change from 0 to 8
[ 1689.344337] (missing .modinfo section or name field): No module found in object
[ 1803.009089] loop0: detected capacity change from 0 to 8
[ 2103.013925] loop0: detected capacity change from 0 to 8
[ 2116.135816] (missing .modinfo section or name field): No module found in object
[ 2220.677272] group: loading out-of-tree module taints kernel.
[ 2220.677858] Allireza Tavakolli, Daneshvar Amrollahi, Amin Setayesh
